// Jest Snapshot v1, https://goo.gl/fbAQLP

exports[`empty index 1`] = `undefined`;
